// Vitest Snapshot v1, https://vitest.dev/guide/snapshot.html

exports[`Reactions > mdma 1`] = `
Map {
  "dg~D@MBdie]v\\\\kahHBjh@@" => {
    "asProduct": undefined,
    "asReagent": false,
    "idCode": "dg~D@MBdie]v\\\\kahHBjh@@",
    "info": {
      "charge": 0,
      "em": 193.11027872702,
      "mf": "C11H15NO2",
      "mw": 193.24271923500675,
      "mz": undefined,
    },
  },
  "dg~DBMBmeJYW]gJxZB@jj@@" => {
    "asProduct": false,
    "asReagent": true,
    "idCode": "dg~DBMBmeJYW]gJxZB@jj@@",
    "info": {
      "charge": 1,
      "em": 194.11810375925,
      "mf": "C11H16NO2(+)",
      "mw": 194.2506599890625,
      "mz": 194.11755517934094,
    },
  },
  "dg~DBMB\`eJYW]gJxZB@jj@@" => {
    "asProduct": false,
    "asReagent": true,
    "idCode": "dg~DBMB\`eJYW]gJxZB@jj@@",
    "info": {
      "charge": 1,
      "em": 194.11810375925,
      "mf": "C11H16NO2(+)",
      "mw": 194.2506599890625,
      "mz": 194.11755517934094,
    },
  },
  "dg~DBMB\`eJYWugJxZB@jj@@" => {
    "asProduct": false,
    "asReagent": true,
    "idCode": "dg~DBMB\`eJYWugJxZB@jj@@",
    "info": {
      "charge": 1,
      "em": 194.11810375925,
      "mf": "C11H16NO2(+)",
      "mw": 194.2506599890625,
      "mz": 194.11755517934094,
    },
  },
  "dg~DBMBmyJYW]gJxZB@jj@@" => {
    "asProduct": false,
    "asReagent": true,
    "idCode": "dg~DBMBmyJYW]gJxZB@jj@@",
    "info": {
      "charge": -1,
      "em": 192.10245369479,
      "mf": "C11H14NO2(-)",
      "mw": 192.23477848095098,
      "mz": 192.10300227469907,
    },
  },
  "dclDB@iYRfUw\\\\kahHBj@@" => {
    "asProduct": true,
    "asReagent": true,
    "idCode": "dclDB@iYRfUw\\\\kahHBj@@",
    "info": {
      "charge": 1,
      "em": 163.07590459367,
      "mf": "C10H11O2(+)",
      "mw": 163.1935171106026,
      "mz": 163.07535601376094,
    },
  },
  "eF\`BL@" => {
    "asProduct": true,
    "asReagent": true,
    "idCode": "eF\`BL@",
    "info": {
      "charge": 0,
      "em": 31.04219916558,
      "mf": "CH5N",
      "mw": 31.057142878459935,
      "mz": undefined,
    },
  },
  "fHT\`@" => {
    "asProduct": true,
    "asReagent": true,
    "idCode": "fHT\`@",
    "info": {
      "charge": 1,
      "em": 15.02347509669,
      "mf": "CH3(+)",
      "mw": 15.03455815890258,
      "mz": 15.02292651678093,
    },
  },
  "dk^D@MBdie]vrnF\`\`Jj@@" => {
    "asProduct": true,
    "asReagent": true,
    "idCode": "dk^D@MBdie]vrnF\`\`Jj@@",
    "info": {
      "charge": 0,
      "em": 179.09462866255998,
      "mf": "C10H13NO2",
      "mw": 179.21610183015991,
      "mz": undefined,
    },
  },
}
`;

exports[`Reactions > mdma 2`] = `
[
  {
    "children": [
      {
        "depth": 1,
        "isValid": true,
        "molecules": [
          {
            "asProduct": false,
            "asReagent": true,
            "idCode": "dg~DBMBmeJYW]gJxZB@jj@@",
            "info": {
              "charge": 1,
              "em": 194.11810375925,
              "mf": "C11H16NO2(+)",
              "mw": 194.2506599890625,
              "mz": 194.11755517934094,
            },
          },
        ],
        "reaction": {
          "description": "",
          "doi": "https://doi.org/10.1186/1477-5956-10-S1-S8",
          "ionization": "[M+H]+",
          "kind": "ionization",
          "label": "Ionization",
          "reaction": "",
          "rxnCode": "gCh@AGj@vTTUHXECAdEzh\`!eF\`\`fLGtP#QP\` QX#!Ro\`BHoY^}GXk| !R_tp]Ngp",
          "section": "",
        },
      },
      {
        "depth": 1,
        "isValid": true,
        "molecules": [
          {
            "asProduct": false,
            "asReagent": true,
            "idCode": "dg~DBMB\`eJYW]gJxZB@jj@@",
            "info": {
              "charge": 1,
              "em": 194.11810375925,
              "mf": "C11H16NO2(+)",
              "mw": 194.2506599890625,
              "mz": 194.11755517934094,
            },
          },
        ],
        "reaction": {
          "description": "",
          "doi": "https://doi.org/10.1186/1477-5956-10-S1-S8",
          "ionization": "[M+H]+",
          "kind": "ionization",
          "label": "Ionization",
          "reaction": "",
          "rxnCode": "eMHBN\`vjMPp_yE{P!eFH\`fLGtP#QR QX#!R@BM_HqvJo@ !R_tp]Ngp",
          "section": "",
        },
      },
      {
        "depth": 1,
        "isValid": true,
        "molecules": [
          {
            "asProduct": false,
            "asReagent": true,
            "idCode": "dg~DBMB\`eJYWugJxZB@jj@@",
            "info": {
              "charge": 1,
              "em": 194.11810375925,
              "mf": "C11H16NO2(+)",
              "mw": 194.2506599890625,
              "mz": 194.11755517934094,
            },
          },
        ],
        "reaction": {
          "description": "",
          "doi": "https://doi.org/10.1186/1477-5956-10-S1-S8",
          "ionization": "[M+H]+",
          "kind": "ionization",
          "label": "Ionization",
          "reaction": "",
          "rxnCode": "eMHBN\`vjMPp_yE{P!eFH\`fLGtP#QR QX#!R@BM_HqvJo@ !R_tp]Ngp",
          "section": "",
        },
      },
    ],
    "depth": 0,
    "isValid": false,
    "molecules": [
      {
        "asProduct": undefined,
        "asReagent": false,
        "idCode": "dg~D@MBdie]v\\\\kahHBjh@@",
        "info": {
          "charge": 0,
          "em": 193.11027872702,
          "mf": "C11H15NO2",
          "mw": 193.24271923500675,
          "mz": undefined,
        },
      },
    ],
  },
]
`;
