// Vitest Snapshot v1, https://vitest.dev/guide/snapshot.html

exports[`MoleculesDB > pushMoleculeInfo > should add smiles molecule manually 1`] = `
[
  {
    "data": [
      {},
      {},
    ],
    "idCode": "gC\`@Dij@@",
    "molecule": undefined,
    "properties": {
      "em": 58.07825,
      "mf": "C4H10",
      "mw": 58.1234,
    },
  },
  {
    "data": [
      {},
    ],
    "idCode": "gJP@DiZh@",
    "molecule": undefined,
    "properties": {
      "em": 72.0939,
      "mf": "C5H12",
      "mw": 72.15028,
    },
  },
]
`;
