// Vitest Snapshot v1, https://vitest.dev/guide/snapshot.html

exports[`ethanol 1`] = `
[
  [
    [
      {
        "distance": 0,
        "path": [
          0,
        ],
      },
    ],
    [
      {
        "distance": 1,
        "path": [
          0,
          1,
        ],
      },
    ],
    [
      {
        "distance": 2,
        "path": [
          0,
          1,
          2,
        ],
      },
    ],
    [],
    [],
    [],
  ],
  [
    [
      {
        "distance": 0,
        "path": [
          1,
        ],
      },
    ],
    [
      {
        "distance": 1,
        "path": [
          1,
          0,
        ],
      },
      {
        "distance": 1,
        "path": [
          1,
          2,
        ],
      },
    ],
    [],
    [],
    [],
    [],
  ],
  [
    [
      {
        "distance": 0,
        "path": [
          2,
        ],
      },
    ],
    [
      {
        "distance": 1,
        "path": [
          2,
          1,
        ],
      },
    ],
    [
      {
        "distance": 2,
        "path": [
          2,
          1,
          0,
        ],
      },
    ],
    [],
    [],
    [],
  ],
]
`;
