// Jest Snapshot v1, https://goo.gl/fbAQLP

exports[`parseDwar 1`] = `
{
  "columnProperties": {
    "atomMapping": {
      "parent": "rxnCode",
      "specialType": "atomMapping",
    },
    "idcoordinates2D": {
      "parent": "rxnCode",
      "specialType": "idcoordinates2D",
    },
    "productFFP": {
      "parent": "rxnCode",
      "reactionPart": "products",
      "specialType": "FragFp",
      "version": "1.2.1",
    },
    "reactantFFP": {
      "parent": "rxnCode",
      "reactionPart": "reactants",
      "specialType": "FragFp",
      "version": "1.2.1",
    },
    "reactionFP": {
      "parent": "rxnCode",
      "specialType": "RxnFP",
      "version": "1.0.0",
    },
    "rxnCode": {
      "isFragment": "true",
      "related": {
        "FragFp": "productFFP",
        "RxnFP": "reactionFP",
        "atomMapping": "atomMapping",
        "idcoordinates2D": "idcoordinates2D",
      },
      "specialType": "rxncode",
    },
  },
  "data": [
    {
      "Label": "OH by SH",
      "rxnCode": "eFHBLGtV!eFB@HcA}E\`#aP aP#!R@AL]\\mp !R@AL]Nmp",
    },
    {
      "Label": "SH to SMe",
      "rxnCode": "eFB@HcAa@!eMB@HchH#S\\ S\\@#!R@FL]bgp !R@FL?XqwZ_@",
    },
    {
      "Label": "SH to OH",
      "rxnCode": "eFB@HcA}E\`!eFHBLGtV#aP aP#!R@FL]Rgp !R@FL]vgp",
    },
  ],
  "datawarriorFileinfo": {
    "created": "1674563264760",
    "rowcount": "6",
    "version": "3.3",
  },
  "datawarriorProperties": {
    "columnFilter_Table": "",
    "columnWidth_Table_Label": "228",
    "columnWidth_Table_rxnCode": "393",
    "detailView": "height[Data",
    "filter0": "#string#	Label",
    "filter1": "#reaction#	rxnCode",
    "filter2": "#retron#	rxnCode",
    "headerLines_Table": "2",
    "mainSplitting": "0.72655",
    "mainView": "Table",
    "mainViewCount": "1",
    "mainViewDockInfo0": "root",
    "mainViewName0": "Table",
    "mainViewType0": "tableView",
    "rightSplitting": "0.65678",
    "rowHeight_Table": "80",
  },
  "hitlistData": {
    "hitlistData": "D",
    "hitlistName": "<selection>",
  },
  "rawData": [
    {
      "Label": "OH by SH",
      "atomMapping": "aP aP",
      "idcoordinates2D": "!R@AL]\\mp !R@AL]Nmp",
      "productFFP": "//,8///$",
      "reactantFFP": "40V/////,10",
      "reactionFP": "!F!4$840F!1F&2V#F4+F/F01#12V42010k#G$8102!V//////0",
      "rxnCode": "eFHBLGtV!eFB@HcA}E\`",
    },
    {
      "Label": "SH to SMe",
      "atomMapping": "S\\ S\\@",
      "idcoordinates2D": "!R@FL]bgp !R@FL?XqwZ_@",
      "productFFP": "2//+8///$",
      "reactantFFP": "//,8///$",
      "reactionFP": "2!52&4$1020V&VJ&V$V!4!1%8#FV1#22V8(1%8//(1//%8/(",
      "rxnCode": "eFB@HcAa@!eMB@HchH",
    },
    {
      "Label": "SH to OH",
      "atomMapping": "aP aP",
      "idcoordinates2D": "!R@FL]Rgp !R@FL]vgp",
      "productFFP": "40V/////,10",
      "reactantFFP": "//,8///$",
      "reactionFP": "!18$4(1%4(4$3!480F$F#24$F!2#2V02020F08201#81#F//////!",
      "rxnCode": "eFB@HcA}E\`!eFHBLGtV",
    },
  ],
}
`;
